// Jest Snapshot v1, https://goo.gl/fbAQLP

exports[`Teste de componente: Tela Login renderiza igual ao Ãºltimo snapshot 1`] = `
<View
  onLayout={[Function]}
  style={
    Array [
      Object {
        "alignSelf": "center",
        "flex": 1,
        "width": "80%",
      },
      Object {
        "paddingBottom": 0,
      },
    ]
  }
>
  <View
    style={
      Array [
        Object {
          "flex": 1,
          "paddingBottom": 80,
        },
      ]
    }
  >
    <RCTScrollView>
      <View>
        <View
          style={
            Object {
              "marginTop": 36,
            }
          }
        >
          <Text
            style={
              Array [
                Object {
                  "color": "#000000",
                  "fontFamily": "System",
                  "fontWeight": "400",
                },
                Object {
                  "textAlign": "left",
                },
                Array [
                  Object {
                    "fontFamily": "NunitoSans_800ExtraBold",
                    "fontSize": 32,
                  },
                  false,
                ],
              ]
            }
          >
            Oi! Que bom te ver por aqui
             
            <Text
              style={
                Array [
                  Object {
                    "color": "#000000",
                    "fontFamily": "System",
                    "fontWeight": "400",
                  },
                  Object {
                    "textAlign": "left",
                  },
                  undefined,
                ]
              }
            >
              ðŸ˜ƒ
            </Text>
          </Text>
        </View>
        <View
          style={
            Object {
              "marginTop": 16,
            }
          }
        >
          <View>
            <Text
              style={
                Array [
                  Object {
                    "color": "#000000",
                    "fontFamily": "System",
                    "fontWeight": "400",
                  },
                  Object {
                    "textAlign": "left",
                  },
                  Array [
                    Object {
                      "textAlign": "left",
                    },
                    Object {
                      "color": "rgba(0, 0, 0, 0.87)",
                      "fontFamily": "System",
                      "fontWeight": "400",
                      "writingDirection": "ltr",
                    },
                    Array [
                      Object {
                        "fontSize": 14,
                        "letterSpacing": 0.25,
                        "lineHeight": 20,
                        "marginVertical": 2,
                      },
                      Array [
                        Object {
                          "fontSize": 20,
                          "lineHeight": 27,
                          "marginBottom": 8,
                          "marginTop": 16,
                        },
                        false,
                      ],
                    ],
                  ],
                ]
              }
            >
              E-mail
            </Text>
            <View
              style={Object {}}
            >
              <View>
                <View
                  pointerEvents="none"
                  style={
                    Array [
                      Object {
                        "bottom": 0,
                        "left": 0,
                        "position": "absolute",
                        "right": 0,
                        "top": 6,
                      },
                      Object {
                        "backgroundColor": "transparent",
                        "borderColor": "rgba(0, 0, 0, 0.54)",
                        "borderRadius": 4,
                        "borderWidth": 1,
                      },
                    ]
                  }
                />
                <View
                  style={
                    Array [
                      Object {
                        "paddingBottom": 0,
                      },
                      Object {
                        "minHeight": 64,
                        "paddingTop": 8,
                      },
                    ]
                  }
                >
                  <TextInput
                    allowFontScaling={true}
                    editable={true}
                    keyboardType="email-address"
                    multiline={false}
                    onBlur={[Function]}
                    onChangeText={[Function]}
                    onFocus={[Function]}
                    placeholderTextColor="rgba(0, 0, 0, 0.54)"
                    rejectResponderTermination={true}
                    selectionColor="#6200ee"
                    style={
                      Array [
                        Object {
                          "flexGrow": 1,
                          "margin": 0,
                          "paddingHorizontal": 14,
                          "zIndex": 1,
                        },
                        Object {
                          "height": 56,
                        },
                        Object {
                          "paddingBottom": 0,
                          "paddingTop": 0,
                        },
                        Object {
                          "color": "#000000",
                          "fontFamily": "System",
                          "fontSize": 16,
                          "fontWeight": undefined,
                          "textAlign": "left",
                          "textAlignVertical": "center",
                        },
                        false,
                        Array [
                          Object {},
                        ],
                      ]
                    }
                    testID="inputEmail"
                    underlineColorAndroid="transparent"
                    value=""
                  />
                </View>
              </View>
            </View>
          </View>
          <View>
            <Text
              style={
                Array [
                  Object {
                    "color": "#000000",
                    "fontFamily": "System",
                    "fontWeight": "400",
                  },
                  Object {
                    "textAlign": "left",
                  },
                  Array [
                    Object {
                      "textAlign": "left",
                    },
                    Object {
                      "color": "rgba(0, 0, 0, 0.87)",
                      "fontFamily": "System",
                      "fontWeight": "400",
                      "writingDirection": "ltr",
                    },
                    Array [
                      Object {
                        "fontSize": 14,
                        "letterSpacing": 0.25,
                        "lineHeight": 20,
                        "marginVertical": 2,
                      },
                      Array [
                        Object {
                          "fontSize": 20,
                          "lineHeight": 27,
                          "marginBottom": 8,
                          "marginTop": 16,
                        },
                        false,
                      ],
                    ],
                  ],
                ]
              }
            >
              Senha
            </Text>
            <View
              style={Object {}}
            >
              <View>
                <View
                  pointerEvents="none"
                  style={
                    Array [
                      Object {
                        "bottom": 0,
                        "left": 0,
                        "position": "absolute",
                        "right": 0,
                        "top": 6,
                      },
                      Object {
                        "backgroundColor": "#f6f6f6",
                        "borderColor": "rgba(0, 0, 0, 0.54)",
                        "borderRadius": 4,
                        "borderWidth": 1,
                      },
                    ]
                  }
                />
                <View
                  style={
                    Array [
                      Object {
                        "paddingBottom": 0,
                      },
                      Object {
                        "minHeight": 64,
                        "paddingTop": 8,
                      },
                    ]
                  }
                >
                  <TextInput
                    allowFontScaling={true}
                    editable={true}
                    multiline={false}
                    onBlur={[Function]}
                    onChangeText={[Function]}
                    onFocus={[Function]}
                    placeholderTextColor="rgba(0, 0, 0, 0.54)"
                    rejectResponderTermination={true}
                    secureTextEntry={true}
                    selectionColor="#6200ee"
                    style={
                      Array [
                        Object {
                          "flexGrow": 1,
                          "margin": 0,
                          "paddingHorizontal": 14,
                          "zIndex": 1,
                        },
                        Object {
                          "height": 56,
                        },
                        Object {
                          "paddingBottom": 0,
                          "paddingTop": 0,
                        },
                        Object {
                          "color": "#000000",
                          "fontFamily": "System",
                          "fontSize": 16,
                          "fontWeight": undefined,
                          "textAlign": "left",
                          "textAlignVertical": "center",
                        },
                        false,
                        Object {
                          "marginRight": 44,
                          "paddingRight": 0,
                        },
                      ]
                    }
                    testID="inputSenha"
                    underlineColorAndroid="transparent"
                    value=""
                  />
                </View>
                <View
                  style={
                    Array [
                      Object {
                        "alignItems": "center",
                        "height": 24,
                        "justifyContent": "center",
                        "position": "absolute",
                        "width": 24,
                      },
                      Object {
                        "right": 12,
                        "top": 23,
                      },
                    ]
                  }
                >
                  <View
                    accessibilityRole="button"
                    accessibilityState={
                      Object {
                        "disabled": undefined,
                      }
                    }
                    accessible={true}
                    focusable={true}
                    hitSlop={
                      Object {
                        "bottom": 6,
                        "left": 6,
                        "right": 6,
                        "top": 6,
                      }
                    }
                    onClick={[Function]}
                    onResponderGrant={[Function]}
                    onResponderMove={[Function]}
                    onResponderRelease={[Function]}
                    onResponderTerminate={[Function]}
                    onResponderTerminationRequest={[Function]}
                    onStartShouldSetResponder={[Function]}
                    style={
                      Array [
                        Object {
                          "overflow": "hidden",
                        },
                        Array [
                          Object {
                            "alignItems": "center",
                            "justifyContent": "center",
                            "margin": 6,
                            "overflow": "hidden",
                          },
                          Object {
                            "borderRadius": 18,
                            "height": 36,
                            "width": 36,
                          },
                          undefined,
                          Object {
                            "margin": 0,
                          },
                        ],
                      ]
                    }
                  >
                    <View>
                      <Text />
                    </View>
                  </View>
                </View>
              </View>
            </View>
          </View>
          <View>
            <View
              accessible={true}
              focusable={true}
              onBlur={[Function]}
              onClick={[Function]}
              onFocus={[Function]}
              onResponderGrant={[Function]}
              onResponderMove={[Function]}
              onResponderRelease={[Function]}
              onResponderTerminate={[Function]}
              onResponderTerminationRequest={[Function]}
              onStartShouldSetResponder={[Function]}
              style={
                Object {
                  "paddingTop": 16,
                }
              }
              testID="botaoEsqueciSenha"
            >
              <Text
                style={
                  Array [
                    Object {
                      "color": "#000000",
                      "fontFamily": "System",
                      "fontWeight": "400",
                    },
                    Object {
                      "textAlign": "left",
                    },
                    Object {
                      "fontSize": 18,
                      "textDecorationLine": "underline",
                      "textTransform": "none",
                    },
                  ]
                }
              >
                Esqueci minha senha
              </Text>
            </View>
          </View>
        </View>
      </View>
    </RCTScrollView>
    <View
      style={
        Object {
          "bottom": 20,
          "position": "absolute",
          "width": "100%",
        }
      }
    >
      <View
        style={
          Object {
            "backgroundColor": "#6200ee",
            "borderColor": "transparent",
            "borderRadius": 100,
            "borderStyle": "solid",
            "borderWidth": 0,
            "elevation": 2,
            "justifyContent": "center",
            "minWidth": 64,
            "padding": 6,
            "shadowColor": "#000000",
            "shadowOffset": Object {
              "height": 0.75,
              "width": 0,
            },
            "shadowOpacity": 0.24,
            "shadowRadius": 1.5,
          }
        }
      >
        <View
          accessibilityRole="button"
          accessibilityState={
            Object {
              "disabled": undefined,
            }
          }
          accessible={true}
          focusable={true}
          onClick={[Function]}
          onResponderGrant={[Function]}
          onResponderMove={[Function]}
          onResponderRelease={[Function]}
          onResponderTerminate={[Function]}
          onResponderTerminationRequest={[Function]}
          onStartShouldSetResponder={[Function]}
          style={
            Array [
              Object {
                "overflow": "hidden",
              },
              Object {
                "borderRadius": 100,
              },
            ]
          }
          testID="botaoEntrar"
        >
          <View
            style={
              Array [
                Object {
                  "alignItems": "center",
                  "flexDirection": "row",
                  "justifyContent": "center",
                },
                undefined,
              ]
            }
          >
            <Text
              numberOfLines={1}
              selectable={false}
              style={
                Array [
                  Object {
                    "color": "#000000",
                    "fontFamily": "System",
                    "fontWeight": "400",
                  },
                  Object {
                    "textAlign": "left",
                  },
                  Array [
                    Object {
                      "letterSpacing": 1,
                      "marginHorizontal": 16,
                      "marginVertical": 9,
                      "textAlign": "center",
                    },
                    undefined,
                    Object {
                      "textTransform": "uppercase",
                    },
                    Object {
                      "color": "#ffffff",
                      "fontFamily": "System",
                      "fontWeight": "500",
                    },
                    Object {
                      "fontFamily": "System",
                      "fontWeight": "500",
                    },
                    Object {
                      "fontSize": 20,
                      "fontWeight": "400",
                      "textTransform": "none",
                    },
                  ],
                ]
              }
            >
              Entrar
            </Text>
          </View>
        </View>
      </View>
    </View>
  </View>
</View>
`;
